RAM Allocation [bytes]
Variable                                                                          Address   Size
------------------------------------------------------------------------------------------------
adc_data                                                                          0x018D      16
adc_data_copy                                                                     0x019D      16
input_index                                                                       0x01AD       1
_base_y                                                                           0x01AE       4
_seed                                                                             0x01B2       4

EEPROM Allocation [bytes]
Variable                                                                          Address   Size
------------------------------------------------------------------------------------------------

Register Allocation
Variable                                                                          Register  Size
------------------------------------------------------------------------------------------------
i                                                                                 R5           1
duty_cycle                                                                        R4           1
result                                                                            R6,R7        2
adc                                                                               R8,R9        2
_lcd_x                                                                            R11          1
_lcd_y                                                                            R10          1
_lcd_maxx                                                                         R13          1

FLASH Allocation [words]
Function                                                                          Address   Size
------------------------------------------------------------------------------------------------
main                                                                              0x000A4      9
adc_isr                                                                           0x000AD     43
read_adc                                                                          0x000D8     15
Q2_adc_init                                                                       0x000EB      7
io_init                                                                           0x000F2     16
timer_init                                                                        0x00102      5
board_init                                                                        0x00107      8
timer0_comp_isr                                                                   0x0010F     39
subRoutine1                                                                       0x00136     27
subRoutine2                                                                       0x00151     77
subRoutine3                                                                       0x0019E     54
_lcd_write_nibble_G100                                                            0x001D4     20
_lcd_write_data                                                                   0x001E8     12
lcd_gotoxy                                                                        0x001F4     13
lcd_clear                                                                         0x00201     12
lcd_putchar                                                                       0x0020D     21
lcd_puts                                                                          0x00222     17
lcd_init                                                                          0x00233     46
put_buff_G101                                                                     0x00261     64
_print_G101                                                                       0x002A1    308
sprintf                                                                           0x003D5     52
abs                                                                               0x00409     10
strlen                                                                            0x00413     12
strlenf                                                                           0x0041F     13
